// Jest Snapshot v1, https://goo.gl/fbAQLP

exports[`MenuScreen: Screen renders correctly 1`] = `
<View
  style={
    {
      "flex": 1,
    }
  }
>
  <View
    accessibilityState={
      {
        "busy": undefined,
        "checked": undefined,
        "disabled": undefined,
        "expanded": undefined,
        "selected": undefined,
      }
    }
    accessibilityValue={
      {
        "max": undefined,
        "min": undefined,
        "now": undefined,
        "text": undefined,
      }
    }
    accessible={true}
    collapsable={false}
    focusable={true}
    onClick={[Function]}
    onResponderGrant={[Function]}
    onResponderMove={[Function]}
    onResponderRelease={[Function]}
    onResponderTerminate={[Function]}
    onResponderTerminationRequest={[Function]}
    onStartShouldSetResponder={[Function]}
    style={
      {
        "opacity": 1,
      }
    }
    testID="MenuScreen.Button.MainButton"
  >
    <Text
      testID="ButtonTitle"
    >
      Toogle pop up
    </Text>
  </View>
</View>
`;
